../Core/Src/main.c:63:6:vContinuousUARTTask	32	static
../Core/Src/main.c:78:6:vContigousTask	24	static
../Core/Src/main.c:88:6:vPeriodicTask	32	static
../Core/Src/main.c:109:5:main	56	static
../Core/Src/main.c:190:6:SystemClock_Config	88	static
../Core/Src/main.c:237:13:MX_USART2_UART_Init	8	static
../Core/Src/main.c:270:13:MX_GPIO_Init	40	static
../Core/Src/main.c:307:6:StartDefaultTask	16	static
../Core/Src/main.c:326:6:HAL_TIM_PeriodElapsedCallback	16	static
../Core/Src/main.c:344:6:Error_Handler	4	static,ignoring_inline_asm
